Application     C:\INE\CSPRO_SUICIDIOS2\ENTRY\ENTRY.ent
Type            ENTRY
Input Data      <<CSPro DB>> C:\INE\CSPRO_SUICIDIOS2\DATA\DATA.csdb

Date            Nov 04, 2024
Start Time      11:02:02
End Time        11:05:07



CSPro Executor Normal End
------------------------------------------------------------------------------------------------------------------------
Application     C:\INE\CSPRO_SUICIDIOS2\ENTRY\ENTRY.ent
Type            ENTRY
Input Data      <<CSPro DB>> C:\INE\CSPRO_SUICIDIOS2\DATA\DATA.csdb

Date            Nov 04, 2024
Start Time      11:10:11
End Time        11:14:26


System messages:

  Number        Freq         Message Text                                                                               
  ------        ----         ------------                                                                               
   88889          41         ADVERTENCIA: Fuera de rango! Por favor ingrese un valor válido para %s%s                   
   99990          41         Operator entered a value out of range                                                      


CSPro Executor Normal End
------------------------------------------------------------------------------------------------------------------------
Application     C:\INE\CSPRO_SUICIDIOS2\ENTRY\ENTRY.ent
Type            ENTRY
Input Data      <<CSPro DB>> C:\INE\CSPRO_SUICIDIOS2\DATA\DATA.csdb

Date            Nov 04, 2024
Start Time      11:34:07
End Time        11:35:08


System messages:

  Number        Freq         Message Text                                                                               
  ------        ----         ------------                                                                               
   88889           1         ADVERTENCIA: Fuera de rango! Por favor ingrese un valor válido para %s%s                   
   99990           1         Operator entered a value out of range                                                      


CSPro Executor Normal End
------------------------------------------------------------------------------------------------------------------------
Application     C:\INE\CSPRO_SUICIDIOS2\ENTRY\ENTRY.ent
Type            ENTRY
Input Data      <<CSPro DB>> C:\INE\CSPRO_SUICIDIOS2\DATA\DATA.csdb

Date            Nov 04, 2024
Start Time      11:36:02
End Time        11:36:38



CSPro Executor Normal End
------------------------------------------------------------------------------------------------------------------------
Application     C:\INE\CSPRO_SUICIDIOS2\ENTRY\ENTRY.ent
Type            ENTRY
Input Data      <<CSPro DB>> C:\INE\CSPRO_SUICIDIOS2\DATA\DATA.csdb

Date            Nov 04, 2024
Start Time      11:41:12
End Time        11:41:33


System messages:

  Number        Freq         Message Text                                                                               
  ------        ----         ------------                                                                               
   88889           2         ADVERTENCIA: Fuera de rango! Por favor ingrese un valor válido para %s%s                   
   99990           2         Operator entered a value out of range                                                      


CSPro Executor Normal End
------------------------------------------------------------------------------------------------------------------------
Application     C:\INE\CSPRO_SUICIDIOS2\ENTRY\ENTRY.ent
Type            ENTRY
Input Data      <<CSPro DB>> C:\INE\CSPRO_SUICIDIOS2\DATA\DATA.csdb

Date            Nov 04, 2024
Start Time      11:41:55
End Time        11:42:18



CSPro Executor Normal End
------------------------------------------------------------------------------------------------------------------------
Application     C:\INE\CSPRO_SUICIDIOS2\ENTRY\ENTRY.ent
Type            ENTRY
Input Data      <<CSPro DB>> C:\INE\CSPRO_SUICIDIOS2\DATA\DATA.csdb

Date            Nov 04, 2024
Start Time      14:08:18
End Time        14:11:14



CSPro Executor Normal End
------------------------------------------------------------------------------------------------------------------------
Application     C:\INE\CSPRO_SUICIDIOS2\ENTRY\ENTRY.ent
Type            ENTRY
Input Data      <<CSPro DB>> C:\INE\CSPRO_SUICIDIOS2\DATA\DATA.csdb

Date            Nov 05, 2024
Start Time      08:40:28
End Time        08:41:08


System messages:

  Number        Freq         Message Text                                                                               
  ------        ----         ------------                                                                               
   88889           2         ADVERTENCIA: Fuera de rango! Por favor ingrese un valor válido para %s%s                   
   99990           2         Operator entered a value out of range                                                      


CSPro Executor Normal End
------------------------------------------------------------------------------------------------------------------------
Application     C:\INE\CSPRO_SUICIDIOS2\ENTRY\ENTRY.ent
Type            ENTRY
Input Data      <<CSPro DB>> C:\INE\CSPRO_SUICIDIOS2\DATA\DATA.csdb

Date            Nov 05, 2024
Start Time      08:41:58
End Time        08:42:28


System messages:

  Number        Freq         Message Text                                                                               
  ------        ----         ------------                                                                               
   88889           1         ADVERTENCIA: Fuera de rango! Por favor ingrese un valor válido para %s%s                   
   99990           1         Operator entered a value out of range                                                      


CSPro Executor Normal End
------------------------------------------------------------------------------------------------------------------------
Application     C:\INE\CSPRO_SUICIDIOS2\ENTRY\ENTRY.ent
Type            ENTRY
Input Data      <<CSPro DB>> C:\INE\CSPRO_SUICIDIOS2\DATA\DATA.csdb

Date            Nov 05, 2024
Start Time      08:48:59
End Time        08:49:34


System messages:

  Number        Freq         Message Text                                                                               
  ------        ----         ------------                                                                               
   88889           3         ADVERTENCIA: Fuera de rango! Por favor ingrese un valor válido para %s%s                   
   99990           3         Operator entered a value out of range                                                      


CSPro Executor Normal End
------------------------------------------------------------------------------------------------------------------------
Application     C:\INE\CSPRO_SUICIDIOS2\ENTRY\ENTRY.ent
Type            ENTRY
Input Data      <<CSPro DB>> C:\INE\CSPRO_SUICIDIOS2\DATA\DATA.csdb

Date            Nov 05, 2024
Start Time      08:50:52
End Time        08:51:15


System messages:

  Number        Freq         Message Text                                                                               
  ------        ----         ------------                                                                               
   88889           1         ADVERTENCIA: Fuera de rango! Por favor ingrese un valor válido para %s%s                   
   99990           1         Operator entered a value out of range                                                      


CSPro Executor Normal End
------------------------------------------------------------------------------------------------------------------------
Application     C:\INE\CSPRO_SUICIDIOS2\ENTRY\ENTRY.ent
Type            ENTRY
Input Data      <<CSPro DB>> C:\INE\CSPRO_SUICIDIOS2\DATA\DATA.csdb

Date            Nov 05, 2024
Start Time      08:53:28
End Time        08:56:25



CSPro Executor Normal End
------------------------------------------------------------------------------------------------------------------------
Application     C:\INE\CSPRO_SUICIDIOS2\ENTRY\ENTRY.ent
Type            ENTRY
Input Data      <<CSPro DB>> C:\INE\CSPRO_SUICIDIOS2\DATA\DATA.csdb

Date            Nov 05, 2024
Start Time      08:56:25
End Time        08:56:27



CSPro Executor Normal End
------------------------------------------------------------------------------------------------------------------------
Application     C:\INE\CSPRO_SUICIDIOS2\ENTRY\ENTRY.ent
Type            ENTRY
Input Data      <<CSPro DB>> C:\INE\CSPRO_SUICIDIOS2\DATA\DATA.csdb

Date            Nov 05, 2024
Start Time      08:56:27
End Time        08:56:32



CSPro Executor Normal End
------------------------------------------------------------------------------------------------------------------------
Application     C:\INE\CSPRO_SUICIDIOS2\ENTRY\ENTRY.ent
Type            ENTRY
Input Data      <<CSPro DB>> C:\INE\CSPRO_SUICIDIOS2\DATA\DATA.csdb

Date            Nov 05, 2024
Start Time      10:25:06
End Time        10:25:07



CSPro Executor Normal End
------------------------------------------------------------------------------------------------------------------------
Application     C:\INE\CSPRO_SUICIDIOS2\ENTRY\ENTRY.ent
Type            ENTRY
Input Data      <<CSPro DB>> C:\INE\CSPRO_SUICIDIOS2\DATA\DATA.csdb

Date            Nov 05, 2024
Start Time      10:25:07
End Time        10:25:10



CSPro Executor Normal End
------------------------------------------------------------------------------------------------------------------------
Application     C:\INE\CSPRO_SUICIDIOS2\ENTRY\ENTRY.ent
Type            ENTRY
Input Data      <<CSPro DB>> C:\INE\CSPRO_SUICIDIOS2\DATA\DATA.csdb

Date            Nov 05, 2024
Start Time      10:25:10
End Time        10:25:16



CSPro Executor Normal End
------------------------------------------------------------------------------------------------------------------------
Application     C:\INE\CSPRO_SUICIDIOS2\ENTRY\ENTRY.ent
Type            ENTRY
Input Data      <<CSPro DB>> C:\INE\CSPRO_SUICIDIOS2\DATA\DATA.csdb

Date            Nov 05, 2024
Start Time      10:25:17
End Time        10:25:18



CSPro Executor Normal End
------------------------------------------------------------------------------------------------------------------------
Application     C:\INE\CSPRO_SUICIDIOS2\ENTRY\ENTRY.ent
Type            ENTRY
Input Data      <<CSPro DB>> C:\INE\CSPRO_SUICIDIOS2\DATA\DATA.csdb

Date            Nov 05, 2024
Start Time      10:25:18
End Time        10:25:23



CSPro Executor Normal End
------------------------------------------------------------------------------------------------------------------------
Application     C:\INE\CSPRO_SUICIDIOS2\ENTRY\ENTRY.ent
Type            ENTRY
Input Data      <<CSPro DB>> C:\INE\CSPRO_SUICIDIOS2\DATA\DATA.csdb

Date            Nov 05, 2024
Start Time      10:25:23
End Time        10:25:24



CSPro Executor Normal End
------------------------------------------------------------------------------------------------------------------------
Application     C:\INE\CSPRO_SUICIDIOS2\ENTRY\ENTRY.ent
Type            ENTRY
Input Data      <<CSPro DB>> C:\INE\CSPRO_SUICIDIOS2\DATA\DATA.csdb

Date            Nov 05, 2024
Start Time      10:25:24
End Time        10:25:27



CSPro Executor Normal End
------------------------------------------------------------------------------------------------------------------------
Application     C:\INE\CSPRO_SUICIDIOS2\ENTRY\ENTRY.ent
Type            ENTRY
Input Data      <<CSPro DB>> C:\INE\CSPRO_SUICIDIOS2\DATA\DATA.csdb

Date            Nov 05, 2024
Start Time      10:25:30
End Time        10:25:33



CSPro Executor Normal End
------------------------------------------------------------------------------------------------------------------------
